[22:10:22] [main/INFO]: Setting user: Stealven
[22:10:23] [Client thread/INFO]: LWJGL Version: 2.9.1
[22:10:30] [Client thread/INFO]: Reloading ResourceManager: Default, FMLFileResourcePack:Forge Mod Loader, FMLFileResourcePack:Minecraft Forge, FMLFileResourcePack:NotEnoughItems, FMLFileResourcePack:UniMixins, FMLFileResourcePack:UniMixins: Mixin (UniMix), FMLFileResourcePack:UniMixins: Compatibility, FMLFileResourcePack:UniMixins: Mixingasm, FMLFileResourcePack:UniMixins: SpongeMixins, FMLFileResourcePack:UniMixins: MixinBooterLegacy, FMLFileResourcePack:UniMixins: GTNHMixins, FMLFileResourcePack:UniMixins: MixinExtras, FMLFileResourcePack:NotEnoughIDs, FMLFileResourcePack:DivineRPG, FMLFileResourcePack:Advanced Botany, FMLFileResourcePack:AE2 Fluid Crafting, FMLFileResourcePack:AE2 Stuff, FMLFileResourcePack:Angelica, FMLFileResourcePack:MCPatcherForge, FMLFileResourcePack:NotFine, FMLFileResourcePack:Another One Bites The Dust, FMLFileResourcePack:Applied Energistics 2, FMLFileResourcePack:ArchaicFix, FMLFileResourcePack:Aspect Recipe Index, FMLFileResourcePack:Aura Cascade, FMLFileResourcePack:Automagy, FMLFileResourcePack:Avaritia, FMLFileResourcePack:Avaritiaddons, Default, FMLFileResourcePack:Baubles, FMLFileResourcePack:Baubles Expanded, FMLFileResourcePack:BD lib, FMLFileResourcePack:BetterCrashes, FMLFileResourcePack:Big Reactors, FMLFileResourcePack:Blood Arsenal, FMLFileResourcePack:Blood Magic: Alchemical Wizardry, FMLFileResourcePack:Inventory Bogo Sorter, FMLFileResourcePack:Bookshelf, FMLFileResourcePack:Botania, FMLFileResourcePack:BugTorch, FMLFileResourcePack:Chisel, FMLFileResourcePack:CoFH Core, FMLFileResourcePack:Controlling, FMLFileResourcePack:CoreTweaks, FMLFileResourcePack:Crafting Tweaks, FMLFileResourcePack:Default Configs, FMLFileResourcePack:Disenchanter, FMLFileResourcePack:Draconic Evolution, FMLFileResourcePack:DummyCore, FMLFileResourcePack:Electroblob's Wizardry, FMLFileResourcePack:Enchanting Plus, FMLFileResourcePack:EnderCore, FMLFileResourcePack:Ender IO, FMLFileResourcePack:EvilCraft, FMLFileResourcePack:Extended Potions, FMLFileResourcePack:ExtraTiC, FMLFileResourcePack:Extra Utilities, FMLFileResourcePack:Forbidden Magic, FMLFileResourcePack:Forestry, FMLFileResourcePack:Forgotten Relics, FMLFileResourcePack:FPS Reducer, FMLFileResourcePack:Gadomancy, FMLFileResourcePack:GTNH Lib, FMLFileResourcePack:Guide-API, FMLFileResourcePack:Hodgepodge, FMLFileResourcePack:Iguana Tinker Tweaks, FMLFileResourcePack:I'm Looking At Blood, FMLFileResourcePack:Infernal Mobs, FMLFileResourcePack:Iron Backpacks, FMLFileResourcePack:Iron Chests, FMLFileResourcePack:Iron Furnaces, FMLFileResourcePack:JourneyMap, FMLFileResourcePack:Login Shield, FMLFileResourcePack:Magic Bees, FMLFileResourcePack:Mantle, FMLFileResourcePack:MineTweaker 3, FMLFileResourcePack:Modular UI 2, FMLFileResourcePack:Morpheus, FMLFileResourcePack:Mouse Tweaks, FMLFileResourcePack:Nature's Compass, FMLFileResourcePack:NotEnoughEnergistics, FMLFileResourcePack:OpenBlocks, FMLFileResourcePack:OpenMods, FMLFileResourcePack:ProjectE, FMLFileResourcePack:RFDrills, FMLFileResourcePack:Roguelike Dungeons, FMLFileResourcePack:Salis Arcana, FMLFileResourcePack:Sanguimancy, FMLFileResourcePack:ServerUtilities, FMLFileResourcePack:Smooth Font, FMLFileResourcePack:Tainted Magic, FMLFileResourcePack:TCBotaniaExoflame, FMLFileResourcePack:TC Node Tracker, FMLFileResourcePack:Tinkers' Construct, FMLFileResourcePack:Thaumcraft, FMLFileResourcePack:TC4 Tweak, FMLFileResourcePack:Thaumic Bases, FMLFileResourcePack:Thaumic Exploration, FMLFileResourcePack:Thaumic Energistics, FMLFileResourcePack:ThaumicHorizons, FMLFileResourcePack:Thaumic Insurgence, FMLFileResourcePack:Thaumic Tinkerer, FMLFileResourcePack:Thermal Dynamics, FMLFileResourcePack:Thermal Expansion, FMLFileResourcePack:Thermal Foundation, FMLFileResourcePack:TiC Tooltips, FMLFileResourcePack:Traveller's Gear, FMLFileResourcePack:The Twilight Forest, FMLFileResourcePack:WanionLib, FMLFileResourcePack:WarpTheory, FMLFileResourcePack:WDMla, FMLFileResourcePack:Waila, FMLFileResourcePack:AE2 Wireless Crafting Terminal, FMLFileResourcePack:Witchery, FMLFileResourcePack:Witchery++, FMLFileResourcePack:WitcheryPatch, FMLFileResourcePack:Witching Gadgets, TranslateModsMagicRPG
[22:10:30] [Client thread/WARN]: ResourcePack: ignored non-lowercase namespace: alchemicalwizardryBooks/ in C:\Users\temav\.minecraftx\instances\MagicRPG-2.1.6\resourcepacks\TranslateModsMagicRPG
[22:10:41] [Client thread/WARN]: File bugtorch:sounds/mob/ghast/fireball4.ogg does not exist, cannot add it to event bugtorch:item.fireCharge.use
[22:10:41] [Client thread/WARN]: File bugtorch:sounds/entity/squid/ambient1.ogg does not exist, cannot add it to event bugtorch:entity.squid.say
[22:10:41] [Client thread/WARN]: File bugtorch:sounds/entity/squid/ambient2.ogg does not exist, cannot add it to event bugtorch:entity.squid.say
[22:10:41] [Client thread/WARN]: File bugtorch:sounds/entity/squid/ambient3.ogg does not exist, cannot add it to event bugtorch:entity.squid.say
[22:10:41] [Client thread/WARN]: File bugtorch:sounds/entity/squid/ambient4.ogg does not exist, cannot add it to event bugtorch:entity.squid.say
[22:10:41] [Client thread/WARN]: File bugtorch:sounds/entity/squid/ambient5.ogg does not exist, cannot add it to event bugtorch:entity.squid.say
[22:10:41] [Client thread/WARN]: File bugtorch:sounds/entity/squid/hurt1.ogg does not exist, cannot add it to event bugtorch:entity.squid.hurt
[22:10:41] [Client thread/WARN]: File bugtorch:sounds/entity/squid/hurt2.ogg does not exist, cannot add it to event bugtorch:entity.squid.hurt
[22:10:41] [Client thread/WARN]: File bugtorch:sounds/entity/squid/hurt3.ogg does not exist, cannot add it to event bugtorch:entity.squid.hurt
[22:10:41] [Client thread/WARN]: File bugtorch:sounds/entity/squid/hurt4.ogg does not exist, cannot add it to event bugtorch:entity.squid.hurt
[22:10:41] [Client thread/WARN]: File bugtorch:sounds/entity/squid/death1.ogg does not exist, cannot add it to event bugtorch:entity.squid.death
[22:10:41] [Client thread/WARN]: File bugtorch:sounds/entity/squid/death2.ogg does not exist, cannot add it to event bugtorch:entity.squid.death
[22:10:41] [Client thread/WARN]: File bugtorch:sounds/entity/squid/death3.ogg does not exist, cannot add it to event bugtorch:entity.squid.death
[22:10:41] [Client thread/WARN]: File bugtorch:sounds/entity/squid/squirt1.ogg does not exist, cannot add it to event bugtorch:entity.squid.shoot
[22:10:41] [Client thread/WARN]: File bugtorch:sounds/entity/squid/squirt2.ogg does not exist, cannot add it to event bugtorch:entity.squid.shoot
[22:10:41] [Client thread/WARN]: File bugtorch:sounds/entity/squid/squirt3.ogg does not exist, cannot add it to event bugtorch:entity.squid.shoot
[22:10:41] [Client thread/WARN]: Invalid sounds.json
java.lang.NullPointerException: Invalid category
	at org.apache.commons.lang3.Validate.notNull(Validate.java:222) ~[commons-lang3-3.3.2.jar:3.3.2]
	at net.minecraft.client.audio.SoundListSerializer.deserialize(SourceFile:19) ~[bss.class:?]
	at net.minecraft.client.audio.SoundListSerializer.deserialize(SourceFile:9) ~[bss.class:?]
	at com.google.gson.TreeTypeAdapter.read(TreeTypeAdapter.java:58) ~[gson-2.2.4.jar:?]
	at com.google.gson.internal.bind.TypeAdapterRuntimeTypeWrapper.read(TypeAdapterRuntimeTypeWrapper.java:40) ~[gson-2.2.4.jar:?]
	at com.google.gson.internal.bind.MapTypeAdapterFactory$Adapter.read(MapTypeAdapterFactory.java:187) ~[gson-2.2.4.jar:?]
	at com.google.gson.internal.bind.MapTypeAdapterFactory$Adapter.read(MapTypeAdapterFactory.java:145) ~[gson-2.2.4.jar:?]
	at com.google.gson.Gson.fromJson(Gson.java:803) ~[gson-2.2.4.jar:?]
	at com.google.gson.Gson.fromJson(Gson.java:768) ~[gson-2.2.4.jar:?]
	at net.minecraft.client.audio.SoundHandler.func_110549_a(SourceFile:78) [btp.class:?]
	at net.minecraft.client.resources.SimpleReloadableResourceManager.func_110542_a(SimpleReloadableResourceManager.java:130) [brg.class:?]
	at net.minecraft.client.Minecraft.func_71384_a(Minecraft.java:486) [bao.class:?]
	at net.minecraft.client.Minecraft.func_99999_d(Minecraft.java:9099) [bao.class:?]
	at net.minecraft.client.main.Main.main(SourceFile:148) [Main.class:?]
	at sun.reflect.NativeMethodAccessorImpl.invoke0(Native Method) ~[?:1.8.0_51]
	at sun.reflect.NativeMethodAccessorImpl.invoke(NativeMethodAccessorImpl.java:62) ~[?:1.8.0_51]
	at sun.reflect.DelegatingMethodAccessorImpl.invoke(DelegatingMethodAccessorImpl.java:43) ~[?:1.8.0_51]
	at java.lang.reflect.Method.invoke(Method.java:497) ~[?:1.8.0_51]
	at net.minecraft.launchwrapper.Launch.launch(Launch.java:135) [launchwrapper-1.12.jar:?]
	at net.minecraft.launchwrapper.Launch.main(Launch.java:28) [launchwrapper-1.12.jar:?]
[22:10:41] [Sound Library Loader/INFO]: Sound engine started
[22:10:42] [Client thread/INFO]: Created: 16x16 textures/blocks-atlas
[22:10:42] [Client thread/INFO]: Created: 16x16 textures/items-atlas
[22:10:53] [Client thread/INFO]: Reloading ResourceManager: Default, FMLFileResourcePack:Forge Mod Loader, FMLFileResourcePack:Minecraft Forge, FMLFileResourcePack:NotEnoughItems, FMLFileResourcePack:UniMixins, FMLFileResourcePack:UniMixins: Mixin (UniMix), FMLFileResourcePack:UniMixins: Compatibility, FMLFileResourcePack:UniMixins: Mixingasm, FMLFileResourcePack:UniMixins: SpongeMixins, FMLFileResourcePack:UniMixins: MixinBooterLegacy, FMLFileResourcePack:UniMixins: GTNHMixins, FMLFileResourcePack:UniMixins: MixinExtras, FMLFileResourcePack:NotEnoughIDs, FMLFileResourcePack:DivineRPG, FMLFileResourcePack:Advanced Botany, FMLFileResourcePack:AE2 Fluid Crafting, FMLFileResourcePack:AE2 Stuff, FMLFileResourcePack:Angelica, FMLFileResourcePack:MCPatcherForge, FMLFileResourcePack:NotFine, FMLFileResourcePack:Another One Bites The Dust, FMLFileResourcePack:Applied Energistics 2, FMLFileResourcePack:ArchaicFix, FMLFileResourcePack:Aspect Recipe Index, FMLFileResourcePack:Aura Cascade, FMLFileResourcePack:Automagy, FMLFileResourcePack:Avaritia, FMLFileResourcePack:Avaritiaddons, Default, FMLFileResourcePack:Baubles, FMLFileResourcePack:Baubles Expanded, FMLFileResourcePack:BD lib, FMLFileResourcePack:BetterCrashes, FMLFileResourcePack:Big Reactors, FMLFileResourcePack:Blood Arsenal, FMLFileResourcePack:Blood Magic: Alchemical Wizardry, FMLFileResourcePack:Inventory Bogo Sorter, FMLFileResourcePack:Bookshelf, FMLFileResourcePack:Botania, FMLFileResourcePack:BugTorch, FMLFileResourcePack:Chisel, FMLFileResourcePack:CoFH Core, FMLFileResourcePack:Controlling, FMLFileResourcePack:CoreTweaks, FMLFileResourcePack:Crafting Tweaks, FMLFileResourcePack:Default Configs, FMLFileResourcePack:Disenchanter, FMLFileResourcePack:Draconic Evolution, FMLFileResourcePack:DummyCore, FMLFileResourcePack:Electroblob's Wizardry, FMLFileResourcePack:Enchanting Plus, FMLFileResourcePack:EnderCore, FMLFileResourcePack:Ender IO, FMLFileResourcePack:EvilCraft, FMLFileResourcePack:Extended Potions, FMLFileResourcePack:ExtraTiC, FMLFileResourcePack:Extra Utilities, FMLFileResourcePack:Forbidden Magic, FMLFileResourcePack:Forestry, FMLFileResourcePack:Forgotten Relics, FMLFileResourcePack:FPS Reducer, FMLFileResourcePack:Gadomancy, FMLFileResourcePack:GTNH Lib, FMLFileResourcePack:Guide-API, FMLFileResourcePack:Hodgepodge, FMLFileResourcePack:Iguana Tinker Tweaks, FMLFileResourcePack:I'm Looking At Blood, FMLFileResourcePack:Infernal Mobs, FMLFileResourcePack:Iron Backpacks, FMLFileResourcePack:Iron Chests, FMLFileResourcePack:Iron Furnaces, FMLFileResourcePack:JourneyMap, FMLFileResourcePack:Login Shield, FMLFileResourcePack:Magic Bees, FMLFileResourcePack:Mantle, FMLFileResourcePack:MineTweaker 3, FMLFileResourcePack:Modular UI 2, FMLFileResourcePack:Morpheus, FMLFileResourcePack:Mouse Tweaks, FMLFileResourcePack:Nature's Compass, FMLFileResourcePack:NotEnoughEnergistics, FMLFileResourcePack:OpenBlocks, FMLFileResourcePack:OpenMods, FMLFileResourcePack:ProjectE, FMLFileResourcePack:RFDrills, FMLFileResourcePack:Roguelike Dungeons, FMLFileResourcePack:Salis Arcana, FMLFileResourcePack:Sanguimancy, FMLFileResourcePack:ServerUtilities, FMLFileResourcePack:Smooth Font, FMLFileResourcePack:Tainted Magic, FMLFileResourcePack:TCBotaniaExoflame, FMLFileResourcePack:TC Node Tracker, FMLFileResourcePack:Tinkers' Construct, FMLFileResourcePack:Thaumcraft, FMLFileResourcePack:TC4 Tweak, FMLFileResourcePack:Thaumic Bases, FMLFileResourcePack:Thaumic Exploration, FMLFileResourcePack:Thaumic Energistics, FMLFileResourcePack:ThaumicHorizons, FMLFileResourcePack:Thaumic Insurgence, FMLFileResourcePack:Thaumic Tinkerer, FMLFileResourcePack:Thermal Dynamics, FMLFileResourcePack:Thermal Expansion, FMLFileResourcePack:Thermal Foundation, FMLFileResourcePack:TiC Tooltips, FMLFileResourcePack:Traveller's Gear, FMLFileResourcePack:The Twilight Forest, FMLFileResourcePack:WanionLib, FMLFileResourcePack:WarpTheory, FMLFileResourcePack:WDMla, FMLFileResourcePack:Waila, FMLFileResourcePack:AE2 Wireless Crafting Terminal, FMLFileResourcePack:Witchery, FMLFileResourcePack:Witchery++, FMLFileResourcePack:WitcheryPatch, FMLFileResourcePack:Witching Gadgets, Avaritia_Delegate_Pack, Avaritia_Delegate_Pack, XU_Delegate_Pack, XU_Delegate_Pack, XU_Delegate_Pack, BA_Delegate_Pack, TranslateModsMagicRPG
[22:10:53] [Client thread/WARN]: ResourcePack: ignored non-lowercase namespace: alchemicalwizardryBooks/ in C:\Users\temav\.minecraftx\instances\MagicRPG-2.1.6\resourcepacks\TranslateModsMagicRPG
[22:10:56] [Client thread/INFO]: Created: 2048x2048 textures/blocks-atlas
[22:10:57] [Client thread/WARN]: ResourcePack: ignored non-lowercase namespace: alchemicalwizardryBooks/ in C:\Users\temav\.minecraftx\instances\MagicRPG-2.1.6\resourcepacks\TranslateModsMagicRPG
[22:10:57] [Client thread/WARN]: ResourcePack: ignored non-lowercase namespace: alchemicalwizardryBooks/ in C:\Users\temav\.minecraftx\instances\MagicRPG-2.1.6\resourcepacks\TranslateModsMagicRPG
[22:10:57] [Client thread/WARN]: ResourcePack: ignored non-lowercase namespace: alchemicalwizardryBooks/ in C:\Users\temav\.minecraftx\instances\MagicRPG-2.1.6\resourcepacks\TranslateModsMagicRPG
[22:10:57] [Client thread/WARN]: ResourcePack: ignored non-lowercase namespace: alchemicalwizardryBooks/ in C:\Users\temav\.minecraftx\instances\MagicRPG-2.1.6\resourcepacks\TranslateModsMagicRPG
[22:10:57] [Client thread/WARN]: ResourcePack: ignored non-lowercase namespace: alchemicalwizardryBooks/ in C:\Users\temav\.minecraftx\instances\MagicRPG-2.1.6\resourcepacks\TranslateModsMagicRPG
[22:10:57] [Client thread/WARN]: ResourcePack: ignored non-lowercase namespace: alchemicalwizardryBooks/ in C:\Users\temav\.minecraftx\instances\MagicRPG-2.1.6\resourcepacks\TranslateModsMagicRPG
[22:11:03] [Client thread/INFO]: Created: 4096x2048 textures/items-atlas
[22:11:03] [Client thread/WARN]: File bugtorch:sounds/mob/ghast/fireball4.ogg does not exist, cannot add it to event bugtorch:item.fireCharge.use
[22:11:03] [Client thread/WARN]: File bugtorch:sounds/entity/squid/ambient1.ogg does not exist, cannot add it to event bugtorch:entity.squid.say
[22:11:03] [Client thread/WARN]: File bugtorch:sounds/entity/squid/ambient2.ogg does not exist, cannot add it to event bugtorch:entity.squid.say
[22:11:03] [Client thread/WARN]: File bugtorch:sounds/entity/squid/ambient3.ogg does not exist, cannot add it to event bugtorch:entity.squid.say
[22:11:03] [Client thread/WARN]: File bugtorch:sounds/entity/squid/ambient4.ogg does not exist, cannot add it to event bugtorch:entity.squid.say
[22:11:03] [Client thread/WARN]: File bugtorch:sounds/entity/squid/ambient5.ogg does not exist, cannot add it to event bugtorch:entity.squid.say
[22:11:03] [Client thread/WARN]: File bugtorch:sounds/entity/squid/hurt1.ogg does not exist, cannot add it to event bugtorch:entity.squid.hurt
[22:11:03] [Client thread/WARN]: File bugtorch:sounds/entity/squid/hurt2.ogg does not exist, cannot add it to event bugtorch:entity.squid.hurt
[22:11:03] [Client thread/WARN]: File bugtorch:sounds/entity/squid/hurt3.ogg does not exist, cannot add it to event bugtorch:entity.squid.hurt
[22:11:03] [Client thread/WARN]: File bugtorch:sounds/entity/squid/hurt4.ogg does not exist, cannot add it to event bugtorch:entity.squid.hurt
[22:11:03] [Client thread/WARN]: File bugtorch:sounds/entity/squid/death1.ogg does not exist, cannot add it to event bugtorch:entity.squid.death
[22:11:03] [Client thread/WARN]: File bugtorch:sounds/entity/squid/death2.ogg does not exist, cannot add it to event bugtorch:entity.squid.death
[22:11:03] [Client thread/WARN]: File bugtorch:sounds/entity/squid/death3.ogg does not exist, cannot add it to event bugtorch:entity.squid.death
[22:11:03] [Client thread/WARN]: File bugtorch:sounds/entity/squid/squirt1.ogg does not exist, cannot add it to event bugtorch:entity.squid.shoot
[22:11:03] [Client thread/WARN]: File bugtorch:sounds/entity/squid/squirt2.ogg does not exist, cannot add it to event bugtorch:entity.squid.shoot
[22:11:03] [Client thread/WARN]: File bugtorch:sounds/entity/squid/squirt3.ogg does not exist, cannot add it to event bugtorch:entity.squid.shoot
[22:11:03] [Client thread/WARN]: Invalid sounds.json
java.lang.NullPointerException: Invalid category
	at org.apache.commons.lang3.Validate.notNull(Validate.java:222) ~[commons-lang3-3.3.2.jar:3.3.2]
	at net.minecraft.client.audio.SoundListSerializer.deserialize(SourceFile:19) ~[bss.class:?]
	at net.minecraft.client.audio.SoundListSerializer.deserialize(SourceFile:9) ~[bss.class:?]
	at com.google.gson.TreeTypeAdapter.read(TreeTypeAdapter.java:58) ~[gson-2.2.4.jar:?]
	at com.google.gson.internal.bind.TypeAdapterRuntimeTypeWrapper.read(TypeAdapterRuntimeTypeWrapper.java:40) ~[gson-2.2.4.jar:?]
	at com.google.gson.internal.bind.MapTypeAdapterFactory$Adapter.read(MapTypeAdapterFactory.java:187) ~[gson-2.2.4.jar:?]
	at com.google.gson.internal.bind.MapTypeAdapterFactory$Adapter.read(MapTypeAdapterFactory.java:145) ~[gson-2.2.4.jar:?]
	at com.google.gson.Gson.fromJson(Gson.java:803) ~[gson-2.2.4.jar:?]
	at com.google.gson.Gson.fromJson(Gson.java:768) ~[gson-2.2.4.jar:?]
	at net.minecraft.client.audio.SoundHandler.func_110549_a(SourceFile:78) [btp.class:?]
	at net.minecraft.client.resources.SimpleReloadableResourceManager.func_110544_b(SimpleReloadableResourceManager.java:143) [brg.class:?]
	at net.minecraft.client.resources.SimpleReloadableResourceManager.func_110541_a(SimpleReloadableResourceManager.java:121) [brg.class:?]
	at net.minecraft.client.Minecraft.func_110436_a(Minecraft.java:609) [bao.class:?]
	at cpw.mods.fml.client.FMLClientHandler.finishMinecraftLoading(FMLClientHandler.java:327) [FMLClientHandler.class:?]
	at net.minecraft.client.Minecraft.func_71384_a(Minecraft.java:552) [bao.class:?]
	at net.minecraft.client.Minecraft.func_99999_d(Minecraft.java:9099) [bao.class:?]
	at net.minecraft.client.main.Main.main(SourceFile:148) [Main.class:?]
	at sun.reflect.NativeMethodAccessorImpl.invoke0(Native Method) ~[?:1.8.0_51]
	at sun.reflect.NativeMethodAccessorImpl.invoke(NativeMethodAccessorImpl.java:62) ~[?:1.8.0_51]
	at sun.reflect.DelegatingMethodAccessorImpl.invoke(DelegatingMethodAccessorImpl.java:43) ~[?:1.8.0_51]
	at java.lang.reflect.Method.invoke(Method.java:497) ~[?:1.8.0_51]
	at net.minecraft.launchwrapper.Launch.launch(Launch.java:135) [launchwrapper-1.12.jar:?]
	at net.minecraft.launchwrapper.Launch.main(Launch.java:28) [launchwrapper-1.12.jar:?]
[22:11:04] [Sound Library Loader/INFO]: Sound engine started
[22:11:25] [Server thread/INFO]: Starting integrated minecraft server version 1.7.10
[22:11:25] [Server thread/INFO]: Generating keypair
[22:11:26] [Server thread/INFO]: Preparing start region for level 0
[22:11:28] [Server thread/INFO]: Changing view distance to 16, from 10
[22:11:28] [Server thread/INFO]: Stealven[local:E:af642809] logged in with entity id 439 at (-71.22013262019743, 76.0, 379.70331528862704)
[22:11:28] [Server thread/INFO]: Stealven присоединился к игре
[22:11:28] [Client thread/INFO]: [CHAT] Не удалось проверить наличие обновлений для Forgotten Relics.
[22:11:29] [Client thread/INFO]: [CHAT] Спасибо Stealven, за то что играете вместе с DivineRPG!
[22:11:29] [Client thread/INFO]: [CHAT] A new version of Salis Arcana is available (v2.6.0). 
[22:11:29] [Client thread/INFO]: [CHAT]  Click here to open the download page.
[22:11:31] [Client thread/INFO]: [CHAT] JourneyMap: Нажмите [J].
[22:11:32] [Server thread/INFO]: Saving and pausing game...
[22:11:32] [Server thread/INFO]: Saving chunks for level 'test'/Overworld
[22:11:33] [Server thread/INFO]: Saving chunks for level 'test'/Nether
[22:11:33] [Server thread/INFO]: Saving chunks for level 'test'/The End
[22:11:33] [Server thread/INFO]: Saving chunks for level 'test'/Outer Lands
[22:11:33] [Server thread/INFO]: Saving chunks for level 'test'/Soul Network Dimension
[22:11:33] [Server thread/INFO]: Saving chunks for level 'test'/Spirit World
[22:11:33] [Server thread/INFO]: Saving chunks for level 'test'/Torment
[22:11:33] [Server thread/INFO]: Saving chunks for level 'test'/Mirror
[22:11:33] [Server thread/INFO]: Saving chunks for level 'test'/The Outer Lands
[22:11:33] [Server thread/INFO]: Saving chunks for level 'test'/Pocket Plane
[22:11:33] [Server thread/INFO]: Saving chunks for level 'test'/Underdark
[22:11:33] [Server thread/INFO]: Saving chunks for level 'test'/Iceika
[22:11:33] [Server thread/INFO]: Saving chunks for level 'test'/Arcana
[22:11:33] [Server thread/INFO]: Saving chunks for level 'test'/Vethea
[22:11:33] [Server thread/INFO]: Saving chunks for level 'test'/Twilight Forest
[22:11:33] [Server thread/INFO]: Saving chunks for level 'test'/Mortum
[22:11:33] [Server thread/INFO]: Saving chunks for level 'test'/Skythern
[22:11:33] [Server thread/INFO]: Saving chunks for level 'test'/Apalachia
[22:11:33] [Server thread/INFO]: Saving chunks for level 'test'/The Wildwood
[22:11:33] [Server thread/INFO]: Saving chunks for level 'test'/The Last Millenium
[22:11:33] [Server thread/INFO]: Saving chunks for level 'test'/Eden
[22:11:33] [Server thread/INFO]: Saving chunks for level 'test'/Bedrock
[22:11:35] [Client thread/INFO]: Started on 25565
[22:11:35] [Client thread/INFO]: [CHAT] Локальный сервер работает на порте 25565
[22:11:49] [Client thread/INFO]: [CHAT] Произошла ошибка при загрузке рецепта. Пожалуйста, проверьте файл журнала для получения подробной информации.
[22:11:50] [User Authenticator #1/WARN]: Failed to verify username but will let them in anyway!
[22:11:51] [Server thread/INFO]: shamber01[/127.0.0.1:62904] logged in with entity id 1343 at (-68.6289568827815, 77.0, 377.9341130349122)
[22:11:51] [Server thread/INFO]: shamber01 присоединился к игре
[22:11:51] [Client thread/INFO]: [CHAT] shamber01 присоединился к игре
[22:12:05] [Server thread/INFO]: com.mojang.authlib.GameProfile@44392c1e[id=<null>,name=shamber01,properties={},legacy=false] (/127.0.0.1:62890) lost connection: Disconnected
[22:12:06] [Server thread/INFO]: com.mojang.authlib.GameProfile@4b888b3d[id=<null>,name=shamber01,properties={},legacy=false] (/127.0.0.1:62897) lost connection: Disconnected
[22:12:07] [Server thread/INFO]: com.mojang.authlib.GameProfile@3fc388d7[id=<null>,name=shamber01,properties={},legacy=false] (/127.0.0.1:62898) lost connection: Disconnected
[22:12:08] [Server thread/INFO]: com.mojang.authlib.GameProfile@48531234[id=<null>,name=shamber01,properties={},legacy=false] (/127.0.0.1:62899) lost connection: Disconnected
[22:18:13] [Client thread/INFO]: [CHAT] Stealven is now sleeping. 1/2 (50%)
[22:18:13] [Client thread/INFO]: [CHAT] Wakey, wakey, rise and shine... Good Morning everyone!
[22:18:16] [Server thread/INFO]: Stealven lost connection: TextComponent{text='Disconnected', siblings=[], style=Style{hasParent=false, color=null, bold=null, italic=null, underlined=null, obfuscated=null, clickEvent=null, hoverEvent=null}}
[22:18:16] [Server thread/INFO]: Stealven покинул игру
[22:18:16] [Server thread/INFO]: Stopping singleplayer server as player logged out
[22:18:16] [Server thread/INFO]: Stopping server
[22:18:16] [Server thread/INFO]: Saving players
[22:18:16] [Server thread/INFO]: Saving worlds
[22:18:16] [Server thread/INFO]: Saving chunks for level 'test'/Overworld
[22:18:16] [Server thread/INFO]: Saving chunks for level 'test'/Nether
[22:18:16] [Server thread/INFO]: Saving chunks for level 'test'/The End
[22:18:16] [Server thread/INFO]: Saving chunks for level 'test'/Outer Lands
[22:18:16] [Server thread/INFO]: Saving chunks for level 'test'/Soul Network Dimension
[22:18:16] [Server thread/INFO]: Saving chunks for level 'test'/Spirit World
[22:18:16] [Server thread/INFO]: Saving chunks for level 'test'/Torment
[22:18:16] [Server thread/INFO]: Saving chunks for level 'test'/Mirror
[22:18:16] [Server thread/INFO]: Saving chunks for level 'test'/The Outer Lands
[22:18:16] [Server thread/INFO]: Saving chunks for level 'test'/Pocket Plane
[22:18:16] [Server thread/INFO]: Saving chunks for level 'test'/Underdark
[22:18:16] [Server thread/INFO]: Saving chunks for level 'test'/Iceika
[22:18:16] [Server thread/INFO]: Saving chunks for level 'test'/Arcana
[22:18:16] [Server thread/INFO]: Saving chunks for level 'test'/Vethea
[22:18:16] [Server thread/INFO]: Saving chunks for level 'test'/Twilight Forest
[22:18:16] [Server thread/INFO]: Saving chunks for level 'test'/Mortum
[22:18:16] [Server thread/INFO]: Saving chunks for level 'test'/Skythern
[22:18:16] [Server thread/INFO]: Saving chunks for level 'test'/Apalachia
[22:18:16] [Server thread/INFO]: Saving chunks for level 'test'/The Wildwood
[22:18:16] [Server thread/INFO]: Saving chunks for level 'test'/The Last Millenium
[22:18:16] [Server thread/INFO]: Saving chunks for level 'test'/Eden
[22:18:16] [Server thread/INFO]: Saving chunks for level 'test'/Bedrock
[22:18:19] [Client thread/INFO]: Stopping!
