[22:08:05] [main/INFO]: Setting user: shamber01
[22:08:06] [Client thread/INFO]: LWJGL Version: 2.9.1
[22:08:12] [Client thread/INFO]: Reloading ResourceManager: Default, Default, FMLFileResourcePack:Forge Mod Loader, FMLFileResourcePack:Minecraft Forge, FMLFileResourcePack:NotEnoughItems, FMLFileResourcePack:UniMixins, FMLFileResourcePack:UniMixins: Mixin (UniMix), FMLFileResourcePack:UniMixins: Compatibility, FMLFileResourcePack:UniMixins: Mixingasm, FMLFileResourcePack:UniMixins: SpongeMixins, FMLFileResourcePack:UniMixins: MixinBooterLegacy, FMLFileResourcePack:UniMixins: GTNHMixins, FMLFileResourcePack:UniMixins: MixinExtras, FMLFileResourcePack:NotEnoughIDs, FMLFileResourcePack:DivineRPG, FMLFileResourcePack:Advanced Botany, FMLFileResourcePack:AE2 Fluid Crafting, FMLFileResourcePack:AE2 Stuff, FMLFileResourcePack:Angelica, FMLFileResourcePack:MCPatcherForge, FMLFileResourcePack:NotFine, FMLFileResourcePack:Another One Bites The Dust, FMLFileResourcePack:Applied Energistics 2, FMLFileResourcePack:ArchaicFix, FMLFileResourcePack:Aspect Recipe Index, FMLFileResourcePack:Aura Cascade, FMLFileResourcePack:Automagy, FMLFileResourcePack:Avaritia, FMLFileResourcePack:Avaritiaddons, FMLFileResourcePack:Baubles, FMLFileResourcePack:Baubles Expanded, FMLFileResourcePack:BD lib, FMLFileResourcePack:BetterCrashes, FMLFileResourcePack:Big Reactors, FMLFileResourcePack:Blood Arsenal, FMLFileResourcePack:Blood Magic: Alchemical Wizardry, FMLFileResourcePack:Inventory Bogo Sorter, FMLFileResourcePack:Bookshelf, FMLFileResourcePack:Botania, FMLFileResourcePack:BugTorch, FMLFileResourcePack:Chisel, FMLFileResourcePack:CoFH Core, FMLFileResourcePack:Controlling, FMLFileResourcePack:CoreTweaks, FMLFileResourcePack:Crafting Tweaks, FMLFileResourcePack:Default Configs, FMLFileResourcePack:Disenchanter, FMLFileResourcePack:Draconic Evolution, FMLFileResourcePack:DummyCore, FMLFileResourcePack:Electroblob's Wizardry, FMLFileResourcePack:Enchanting Plus, FMLFileResourcePack:EnderCore, FMLFileResourcePack:Ender IO, FMLFileResourcePack:EvilCraft, FMLFileResourcePack:Extended Potions, FMLFileResourcePack:ExtraTiC, FMLFileResourcePack:Extra Utilities, FMLFileResourcePack:Forbidden Magic, FMLFileResourcePack:Forestry, FMLFileResourcePack:Forgotten Relics, FMLFileResourcePack:FPS Reducer, FMLFileResourcePack:Gadomancy, FMLFileResourcePack:GTNH Lib, FMLFileResourcePack:Guide-API, FMLFileResourcePack:Hodgepodge, FMLFileResourcePack:Iguana Tinker Tweaks, FMLFileResourcePack:I'm Looking At Blood, FMLFileResourcePack:Infernal Mobs, FMLFileResourcePack:Iron Backpacks, FMLFileResourcePack:Iron Chests, FMLFileResourcePack:Iron Furnaces, FMLFileResourcePack:JourneyMap, FMLFileResourcePack:Login Shield, FMLFileResourcePack:Magic Bees, FMLFileResourcePack:Mantle, FMLFileResourcePack:MineTweaker 3, FMLFileResourcePack:Modular UI 2, FMLFileResourcePack:Morpheus, FMLFileResourcePack:Mouse Tweaks, FMLFileResourcePack:Nature's Compass, FMLFileResourcePack:NotEnoughEnergistics, FMLFileResourcePack:OpenBlocks, FMLFileResourcePack:OpenMods, FMLFileResourcePack:ProjectE, FMLFileResourcePack:RFDrills, FMLFileResourcePack:Roguelike Dungeons, FMLFileResourcePack:Salis Arcana, FMLFileResourcePack:Sanguimancy, FMLFileResourcePack:ServerUtilities, FMLFileResourcePack:Smooth Font, FMLFileResourcePack:Tainted Magic, FMLFileResourcePack:TCBotaniaExoflame, FMLFileResourcePack:TC Node Tracker, FMLFileResourcePack:Tinkers' Construct, FMLFileResourcePack:Thaumcraft, FMLFileResourcePack:TC4 Tweak, FMLFileResourcePack:Thaumic Bases, FMLFileResourcePack:Thaumic Exploration, FMLFileResourcePack:Thaumic Energistics, FMLFileResourcePack:ThaumicHorizons, FMLFileResourcePack:Thaumic Insurgence, FMLFileResourcePack:Thaumic Tinkerer, FMLFileResourcePack:Thermal Dynamics, FMLFileResourcePack:Thermal Expansion, FMLFileResourcePack:Thermal Foundation, FMLFileResourcePack:TiC Tooltips, FMLFileResourcePack:Traveller's Gear, FMLFileResourcePack:The Twilight Forest, FMLFileResourcePack:WanionLib, FMLFileResourcePack:WarpTheory, FMLFileResourcePack:WDMla, FMLFileResourcePack:Waila, FMLFileResourcePack:AE2 Wireless Crafting Terminal, FMLFileResourcePack:Witchery, FMLFileResourcePack:Witchery++, FMLFileResourcePack:WitcheryPatch, FMLFileResourcePack:Witching Gadgets
[22:08:22] [Client thread/WARN]: File bugtorch:sounds/mob/ghast/fireball4.ogg does not exist, cannot add it to event bugtorch:item.fireCharge.use
[22:08:22] [Client thread/WARN]: File bugtorch:sounds/entity/squid/ambient1.ogg does not exist, cannot add it to event bugtorch:entity.squid.say
[22:08:22] [Client thread/WARN]: File bugtorch:sounds/entity/squid/ambient2.ogg does not exist, cannot add it to event bugtorch:entity.squid.say
[22:08:22] [Client thread/WARN]: File bugtorch:sounds/entity/squid/ambient3.ogg does not exist, cannot add it to event bugtorch:entity.squid.say
[22:08:22] [Client thread/WARN]: File bugtorch:sounds/entity/squid/ambient4.ogg does not exist, cannot add it to event bugtorch:entity.squid.say
[22:08:22] [Client thread/WARN]: File bugtorch:sounds/entity/squid/ambient5.ogg does not exist, cannot add it to event bugtorch:entity.squid.say
[22:08:22] [Client thread/WARN]: File bugtorch:sounds/entity/squid/hurt1.ogg does not exist, cannot add it to event bugtorch:entity.squid.hurt
[22:08:22] [Client thread/WARN]: File bugtorch:sounds/entity/squid/hurt2.ogg does not exist, cannot add it to event bugtorch:entity.squid.hurt
[22:08:22] [Client thread/WARN]: File bugtorch:sounds/entity/squid/hurt3.ogg does not exist, cannot add it to event bugtorch:entity.squid.hurt
[22:08:22] [Client thread/WARN]: File bugtorch:sounds/entity/squid/hurt4.ogg does not exist, cannot add it to event bugtorch:entity.squid.hurt
[22:08:22] [Client thread/WARN]: File bugtorch:sounds/entity/squid/death1.ogg does not exist, cannot add it to event bugtorch:entity.squid.death
[22:08:22] [Client thread/WARN]: File bugtorch:sounds/entity/squid/death2.ogg does not exist, cannot add it to event bugtorch:entity.squid.death
[22:08:22] [Client thread/WARN]: File bugtorch:sounds/entity/squid/death3.ogg does not exist, cannot add it to event bugtorch:entity.squid.death
[22:08:22] [Client thread/WARN]: File bugtorch:sounds/entity/squid/squirt1.ogg does not exist, cannot add it to event bugtorch:entity.squid.shoot
[22:08:22] [Client thread/WARN]: File bugtorch:sounds/entity/squid/squirt2.ogg does not exist, cannot add it to event bugtorch:entity.squid.shoot
[22:08:22] [Client thread/WARN]: File bugtorch:sounds/entity/squid/squirt3.ogg does not exist, cannot add it to event bugtorch:entity.squid.shoot
[22:08:22] [Client thread/WARN]: Invalid sounds.json
java.lang.NullPointerException: Invalid category
	at org.apache.commons.lang3.Validate.notNull(Validate.java:222) ~[commons-lang3-3.3.2.jar:3.3.2]
	at net.minecraft.client.audio.SoundListSerializer.deserialize(SourceFile:19) ~[bss.class:?]
	at net.minecraft.client.audio.SoundListSerializer.deserialize(SourceFile:9) ~[bss.class:?]
	at com.google.gson.TreeTypeAdapter.read(TreeTypeAdapter.java:58) ~[gson-2.2.4.jar:?]
	at com.google.gson.internal.bind.TypeAdapterRuntimeTypeWrapper.read(TypeAdapterRuntimeTypeWrapper.java:40) ~[gson-2.2.4.jar:?]
	at com.google.gson.internal.bind.MapTypeAdapterFactory$Adapter.read(MapTypeAdapterFactory.java:187) ~[gson-2.2.4.jar:?]
	at com.google.gson.internal.bind.MapTypeAdapterFactory$Adapter.read(MapTypeAdapterFactory.java:145) ~[gson-2.2.4.jar:?]
	at com.google.gson.Gson.fromJson(Gson.java:803) ~[gson-2.2.4.jar:?]
	at com.google.gson.Gson.fromJson(Gson.java:768) ~[gson-2.2.4.jar:?]
	at net.minecraft.client.audio.SoundHandler.func_110549_a(SourceFile:78) [btp.class:?]
	at net.minecraft.client.resources.SimpleReloadableResourceManager.func_110542_a(SimpleReloadableResourceManager.java:130) [brg.class:?]
	at net.minecraft.client.Minecraft.func_71384_a(Minecraft.java:486) [bao.class:?]
	at net.minecraft.client.Minecraft.func_99999_d(Minecraft.java:9099) [bao.class:?]
	at net.minecraft.client.main.Main.main(SourceFile:148) [Main.class:?]
	at sun.reflect.NativeMethodAccessorImpl.invoke0(Native Method) ~[?:1.8.0_401]
	at sun.reflect.NativeMethodAccessorImpl.invoke(Unknown Source) ~[?:1.8.0_401]
	at sun.reflect.DelegatingMethodAccessorImpl.invoke(Unknown Source) ~[?:1.8.0_401]
	at java.lang.reflect.Method.invoke(Unknown Source) ~[?:1.8.0_401]
	at net.minecraft.launchwrapper.Launch.launch(Launch.java:135) [launchwrapper-1.12.jar:?]
	at net.minecraft.launchwrapper.Launch.main(Launch.java:28) [launchwrapper-1.12.jar:?]
[22:08:23] [Sound Library Loader/INFO]: Sound engine started
[22:08:23] [Client thread/INFO]: Created: 16x16 textures/blocks-atlas
[22:08:24] [Client thread/INFO]: Created: 16x16 textures/items-atlas
[22:08:33] [Client thread/INFO]: Reloading ResourceManager: Default, Default, FMLFileResourcePack:Forge Mod Loader, FMLFileResourcePack:Minecraft Forge, FMLFileResourcePack:NotEnoughItems, FMLFileResourcePack:UniMixins, FMLFileResourcePack:UniMixins: Mixin (UniMix), FMLFileResourcePack:UniMixins: Compatibility, FMLFileResourcePack:UniMixins: Mixingasm, FMLFileResourcePack:UniMixins: SpongeMixins, FMLFileResourcePack:UniMixins: MixinBooterLegacy, FMLFileResourcePack:UniMixins: GTNHMixins, FMLFileResourcePack:UniMixins: MixinExtras, FMLFileResourcePack:NotEnoughIDs, FMLFileResourcePack:DivineRPG, FMLFileResourcePack:Advanced Botany, FMLFileResourcePack:AE2 Fluid Crafting, FMLFileResourcePack:AE2 Stuff, FMLFileResourcePack:Angelica, FMLFileResourcePack:MCPatcherForge, FMLFileResourcePack:NotFine, FMLFileResourcePack:Another One Bites The Dust, FMLFileResourcePack:Applied Energistics 2, FMLFileResourcePack:ArchaicFix, FMLFileResourcePack:Aspect Recipe Index, FMLFileResourcePack:Aura Cascade, FMLFileResourcePack:Automagy, FMLFileResourcePack:Avaritia, FMLFileResourcePack:Avaritiaddons, FMLFileResourcePack:Baubles, FMLFileResourcePack:Baubles Expanded, FMLFileResourcePack:BD lib, FMLFileResourcePack:BetterCrashes, FMLFileResourcePack:Big Reactors, FMLFileResourcePack:Blood Arsenal, FMLFileResourcePack:Blood Magic: Alchemical Wizardry, FMLFileResourcePack:Inventory Bogo Sorter, FMLFileResourcePack:Bookshelf, FMLFileResourcePack:Botania, FMLFileResourcePack:BugTorch, FMLFileResourcePack:Chisel, FMLFileResourcePack:CoFH Core, FMLFileResourcePack:Controlling, FMLFileResourcePack:CoreTweaks, FMLFileResourcePack:Crafting Tweaks, FMLFileResourcePack:Default Configs, FMLFileResourcePack:Disenchanter, FMLFileResourcePack:Draconic Evolution, FMLFileResourcePack:DummyCore, FMLFileResourcePack:Electroblob's Wizardry, FMLFileResourcePack:Enchanting Plus, FMLFileResourcePack:EnderCore, FMLFileResourcePack:Ender IO, FMLFileResourcePack:EvilCraft, FMLFileResourcePack:Extended Potions, FMLFileResourcePack:ExtraTiC, FMLFileResourcePack:Extra Utilities, FMLFileResourcePack:Forbidden Magic, FMLFileResourcePack:Forestry, FMLFileResourcePack:Forgotten Relics, FMLFileResourcePack:FPS Reducer, FMLFileResourcePack:Gadomancy, FMLFileResourcePack:GTNH Lib, FMLFileResourcePack:Guide-API, FMLFileResourcePack:Hodgepodge, FMLFileResourcePack:Iguana Tinker Tweaks, FMLFileResourcePack:I'm Looking At Blood, FMLFileResourcePack:Infernal Mobs, FMLFileResourcePack:Iron Backpacks, FMLFileResourcePack:Iron Chests, FMLFileResourcePack:Iron Furnaces, FMLFileResourcePack:JourneyMap, FMLFileResourcePack:Login Shield, FMLFileResourcePack:Magic Bees, FMLFileResourcePack:Mantle, FMLFileResourcePack:MineTweaker 3, FMLFileResourcePack:Modular UI 2, FMLFileResourcePack:Morpheus, FMLFileResourcePack:Mouse Tweaks, FMLFileResourcePack:Nature's Compass, FMLFileResourcePack:NotEnoughEnergistics, FMLFileResourcePack:OpenBlocks, FMLFileResourcePack:OpenMods, FMLFileResourcePack:ProjectE, FMLFileResourcePack:RFDrills, FMLFileResourcePack:Roguelike Dungeons, FMLFileResourcePack:Salis Arcana, FMLFileResourcePack:Sanguimancy, FMLFileResourcePack:ServerUtilities, FMLFileResourcePack:Smooth Font, FMLFileResourcePack:Tainted Magic, FMLFileResourcePack:TCBotaniaExoflame, FMLFileResourcePack:TC Node Tracker, FMLFileResourcePack:Tinkers' Construct, FMLFileResourcePack:Thaumcraft, FMLFileResourcePack:TC4 Tweak, FMLFileResourcePack:Thaumic Bases, FMLFileResourcePack:Thaumic Exploration, FMLFileResourcePack:Thaumic Energistics, FMLFileResourcePack:ThaumicHorizons, FMLFileResourcePack:Thaumic Insurgence, FMLFileResourcePack:Thaumic Tinkerer, FMLFileResourcePack:Thermal Dynamics, FMLFileResourcePack:Thermal Expansion, FMLFileResourcePack:Thermal Foundation, FMLFileResourcePack:TiC Tooltips, FMLFileResourcePack:Traveller's Gear, FMLFileResourcePack:The Twilight Forest, FMLFileResourcePack:WanionLib, FMLFileResourcePack:WarpTheory, FMLFileResourcePack:WDMla, FMLFileResourcePack:Waila, FMLFileResourcePack:AE2 Wireless Crafting Terminal, FMLFileResourcePack:Witchery, FMLFileResourcePack:Witchery++, FMLFileResourcePack:WitcheryPatch, FMLFileResourcePack:Witching Gadgets, Avaritia_Delegate_Pack, Avaritia_Delegate_Pack, XU_Delegate_Pack, XU_Delegate_Pack, XU_Delegate_Pack, BA_Delegate_Pack
[22:08:36] [Client thread/INFO]: Created: 2048x2048 textures/blocks-atlas
[22:08:41] [Client thread/INFO]: Created: 4096x2048 textures/items-atlas
[22:08:41] [Client thread/WARN]: File bugtorch:sounds/mob/ghast/fireball4.ogg does not exist, cannot add it to event bugtorch:item.fireCharge.use
[22:08:41] [Client thread/WARN]: File bugtorch:sounds/entity/squid/ambient1.ogg does not exist, cannot add it to event bugtorch:entity.squid.say
[22:08:41] [Client thread/WARN]: File bugtorch:sounds/entity/squid/ambient2.ogg does not exist, cannot add it to event bugtorch:entity.squid.say
[22:08:41] [Client thread/WARN]: File bugtorch:sounds/entity/squid/ambient3.ogg does not exist, cannot add it to event bugtorch:entity.squid.say
[22:08:41] [Client thread/WARN]: File bugtorch:sounds/entity/squid/ambient4.ogg does not exist, cannot add it to event bugtorch:entity.squid.say
[22:08:41] [Client thread/WARN]: File bugtorch:sounds/entity/squid/ambient5.ogg does not exist, cannot add it to event bugtorch:entity.squid.say
[22:08:41] [Client thread/WARN]: File bugtorch:sounds/entity/squid/hurt1.ogg does not exist, cannot add it to event bugtorch:entity.squid.hurt
[22:08:41] [Client thread/WARN]: File bugtorch:sounds/entity/squid/hurt2.ogg does not exist, cannot add it to event bugtorch:entity.squid.hurt
[22:08:41] [Client thread/WARN]: File bugtorch:sounds/entity/squid/hurt3.ogg does not exist, cannot add it to event bugtorch:entity.squid.hurt
[22:08:41] [Client thread/WARN]: File bugtorch:sounds/entity/squid/hurt4.ogg does not exist, cannot add it to event bugtorch:entity.squid.hurt
[22:08:41] [Client thread/WARN]: File bugtorch:sounds/entity/squid/death1.ogg does not exist, cannot add it to event bugtorch:entity.squid.death
[22:08:41] [Client thread/WARN]: File bugtorch:sounds/entity/squid/death2.ogg does not exist, cannot add it to event bugtorch:entity.squid.death
[22:08:41] [Client thread/WARN]: File bugtorch:sounds/entity/squid/death3.ogg does not exist, cannot add it to event bugtorch:entity.squid.death
[22:08:41] [Client thread/WARN]: File bugtorch:sounds/entity/squid/squirt1.ogg does not exist, cannot add it to event bugtorch:entity.squid.shoot
[22:08:41] [Client thread/WARN]: File bugtorch:sounds/entity/squid/squirt2.ogg does not exist, cannot add it to event bugtorch:entity.squid.shoot
[22:08:41] [Client thread/WARN]: File bugtorch:sounds/entity/squid/squirt3.ogg does not exist, cannot add it to event bugtorch:entity.squid.shoot
[22:08:41] [Client thread/WARN]: Invalid sounds.json
java.lang.NullPointerException: Invalid category
	at org.apache.commons.lang3.Validate.notNull(Validate.java:222) ~[commons-lang3-3.3.2.jar:3.3.2]
	at net.minecraft.client.audio.SoundListSerializer.deserialize(SourceFile:19) ~[bss.class:?]
	at net.minecraft.client.audio.SoundListSerializer.deserialize(SourceFile:9) ~[bss.class:?]
	at com.google.gson.TreeTypeAdapter.read(TreeTypeAdapter.java:58) ~[gson-2.2.4.jar:?]
	at com.google.gson.internal.bind.TypeAdapterRuntimeTypeWrapper.read(TypeAdapterRuntimeTypeWrapper.java:40) ~[gson-2.2.4.jar:?]
	at com.google.gson.internal.bind.MapTypeAdapterFactory$Adapter.read(MapTypeAdapterFactory.java:187) ~[gson-2.2.4.jar:?]
	at com.google.gson.internal.bind.MapTypeAdapterFactory$Adapter.read(MapTypeAdapterFactory.java:145) ~[gson-2.2.4.jar:?]
	at com.google.gson.Gson.fromJson(Gson.java:803) ~[gson-2.2.4.jar:?]
	at com.google.gson.Gson.fromJson(Gson.java:768) ~[gson-2.2.4.jar:?]
	at net.minecraft.client.audio.SoundHandler.func_110549_a(SourceFile:78) [btp.class:?]
	at net.minecraft.client.resources.SimpleReloadableResourceManager.func_110544_b(SimpleReloadableResourceManager.java:143) [brg.class:?]
	at net.minecraft.client.resources.SimpleReloadableResourceManager.func_110541_a(SimpleReloadableResourceManager.java:121) [brg.class:?]
	at net.minecraft.client.Minecraft.func_110436_a(Minecraft.java:609) [bao.class:?]
	at cpw.mods.fml.client.FMLClientHandler.finishMinecraftLoading(FMLClientHandler.java:327) [FMLClientHandler.class:?]
	at net.minecraft.client.Minecraft.func_71384_a(Minecraft.java:552) [bao.class:?]
	at net.minecraft.client.Minecraft.func_99999_d(Minecraft.java:9099) [bao.class:?]
	at net.minecraft.client.main.Main.main(SourceFile:148) [Main.class:?]
	at sun.reflect.NativeMethodAccessorImpl.invoke0(Native Method) ~[?:1.8.0_401]
	at sun.reflect.NativeMethodAccessorImpl.invoke(Unknown Source) ~[?:1.8.0_401]
	at sun.reflect.DelegatingMethodAccessorImpl.invoke(Unknown Source) ~[?:1.8.0_401]
	at java.lang.reflect.Method.invoke(Unknown Source) ~[?:1.8.0_401]
	at net.minecraft.launchwrapper.Launch.launch(Launch.java:135) [launchwrapper-1.12.jar:?]
	at net.minecraft.launchwrapper.Launch.main(Launch.java:28) [launchwrapper-1.12.jar:?]
[22:08:42] [Sound Library Loader/INFO]: Sound engine started
[22:11:45] [Client thread/INFO]: Connecting to 127.0.0.1, 25565
[22:11:46] [Client thread/INFO]: Connecting to 127.0.0.1, 25565
[22:11:47] [Client thread/INFO]: Connecting to 127.0.0.1, 25565
[22:11:48] [Client thread/INFO]: Connecting to 127.0.0.1, 25565
[22:11:49] [Client thread/INFO]: Connecting to 127.0.0.1, 25565
[22:11:51] [Client thread/INFO]: [CHAT] Не удалось проверить наличие обновлений для Forgotten Relics.
[22:11:51] [Client thread/INFO]: [CHAT] Спасибо shamber01, за то что играете вместе с DivineRPG!
[22:11:55] [Client thread/INFO]: [CHAT] JourneyMap: Нажмите [J].
[22:18:13] [Client thread/INFO]: [CHAT] Stealven is now sleeping. 1/2 (50%)
[22:18:13] [Client thread/INFO]: [CHAT] Wakey, wakey, rise and shine... Good Morning everyone!
[22:18:17] [Client thread/INFO]: [CHAT] Stealven покинул игру
[22:18:23] [Client thread/INFO]: Stopping!
